// Jest Snapshot v1, https://goo.gl/fbAQLP

exports[`#formatMessages Format ESLint Warnings 1`] = `
"2:3   warning  Unexpected console statement                  no-console
3:27  warning  'item' is assigned a value but never used     no-unused-vars
3:32  warning  Expected to return a value in arrow function  array-callback-return

Where: ./__fixtures__/webpack-stats/eslint-warning/index.js"
`;

exports[`#formatMessages Format Syntax Error 1`] = `
"|  Syntax Error: Unexpected token (2:10)

Where: ./__fixtures__/webpack-stats/syntax-error/index.js

  1 | module.exports = () => {
> 2 |   return <<div>1</div>;
    |           ^
  3 | }
  4 | "
`;

exports[`#formatMessages Format Webpack Warnings 1`] = `""`;

exports[`#formatMessages Unknown messages 1`] = `
Array [
  "some",
  "custom",
  "messages",
]
`;
